**********************
Windows PowerShell transcript start
Start time: 20260922083010
Username: DESKTOP-BJ7QUQM\lstar
RunAs User: DESKTOP-BJ7QUQM\lstar
Configuration Name: 
Machine: DESKTOP-BJ7QUQM (Microsoft Windows NT 10.0.26200.0)
Host Application: C:\WINDOWS\System32\WindowsPowerShell\v1.0\powershell.exe -Command try { [Console]::OutputEncoding=[System.Text.Encoding]::UTF8 } catch {}
Start-Transcript -Path .\provision.log -Force
winget configure --file .\fixtures\windows\lab01-workstation-windows11.dsc.yaml --accept-configuration-agreements 2>&1 | Out-String | Write-Output
winget configure --file .\fixtures\windows\lab01-workstation-windows11.dsc.yaml --accept-configuration-agreements 2>&1 | Out-String | Write-Output
winget list --id Git.Git --exact --source winget 2>&1 | Out-String | Write-Output
winget list --id GitHub.cli --exact --source winget 2>&1 | Out-String | Write-Output
winget list --id astral-sh.uv --exact --source winget 2>&1 | Out-String | Write-Output
winget list --id Obsidian.Obsidian --exact --source winget 2>&1 | Out-String | Write-Output
Stop-Transcript
Process ID: 24132
PSVersion: 5.1.26100.9444
PSEdition: Desktop
PSCompatibleVersions: 1.0, 2.0, 3.0, 4.0, 5.0, 5.1.26100.9444
BuildVersion: 10.0.26100.9444
CLRVersion: 4.0.30319.42000
WSManStackVersion: 3.0
PSRemotingProtocolVersion: 2.3
SerializationVersion: 1.1.0.1
**********************
Transcript started, output file is .\provision.log
OsVersion
  Require Windows 11 or newer.
  Модуль: Microsoft.Windows.Developer от Microsoft Corporation [Локальный]
    https://github.com/microsoft/winget-dsc
    DSC Resource for Windows
  Параметры:
    MinVersion: 10.0.22000
WinGetPackage [git]
  Git for Windows.
  Модуль: Microsoft.WinGet.DSC от Microsoft Corporation [Локальный]
    https://github.com/microsoft/winget-cli
    PowerShell Module with DSC resources related to WinGet configurations
  Параметры:
    id: Git.Git
    source: winget
WinGetPackage [uv]
  uv, the Python project and environment manager.
  Модуль: Microsoft.WinGet.DSC от Microsoft Corporation [Локальный]
    https://github.com/microsoft/winget-cli
    PowerShell Module with DSC resources related to WinGet configurations
  Параметры:
    id: astral-sh.uv
    source: winget
WinGetPackage [github-cli]
  GitHub CLI for fork and pull-request delivery.
  Модуль: Microsoft.WinGet.DSC от Microsoft Corporation [Локальный]
    https://github.com/microsoft/winget-cli
    PowerShell Module with DSC resources related to WinGet configurations
  Параметры:
    id: GitHub.cli
    source: winget
WinGetPackage [obsidian]
  Obsidian, the Markdown vault editor.
  Модуль: Microsoft.WinGet.DSC от Microsoft Corporation [Локальный]
    https://github.com/microsoft/winget-cli
    PowerShell Module with DSC resources related to WinGet configurations
  Параметры:
    id: Obsidian.Obsidian
    source: winget
Вы самостоятельно отвечаете за понимание параметров конфигурации, которую собираетесь выполнить. Корпорация Майкрософт не несет ответственности за файл конфигурации, который вы создали или импортировали. Эта конфигурация может изменить параметры Windows, установить программное обеспечение, изменить параметры установленного программного обеспечения (включая параметры безопасности), а также принять от вашего имени пользовательские соглашения для сторонних пакетов программ и служб. Запуская этот файл конфигурации, вы подтверждаете, что понимаете состав этих ресурсов и параметров и соглашаетесь их применить. Любые установленные приложения лицензируются их владельцами. Майкрософт не несет ответственности за сторонние пакеты программ или службы и не предоставляет для них никаких лицензий.
OsVersion
  Элемент успешно применен.
WinGetPackage [git]
  Элемент успешно применен.
WinGetPackage [uv]
  Элемент успешно применен.
WinGetPackage [github-cli]
  Элемент успешно применен.
WinGetPackage [obsidian]
  Элемент успешно применен.
Конфигурация применена.
OsVersion
  Require Windows 11 or newer.
  Модуль: Microsoft.Windows.Developer от Microsoft Corporation [Локальный]
    https://github.com/microsoft/winget-dsc
    DSC Resource for Windows
  Параметры:
    MinVersion: 10.0.22000
WinGetPackage [git]
  Git for Windows.
  Модуль: Microsoft.WinGet.DSC от Microsoft Corporation [Локальный]
    https://github.com/microsoft/winget-cli
    PowerShell Module with DSC resources related to WinGet configurations
  Параметры:
    id: Git.Git
    source: winget
WinGetPackage [uv]
  uv, the Python project and environment manager.
  Модуль: Microsoft.WinGet.DSC от Microsoft Corporation [Локальный]
    https://github.com/microsoft/winget-cli
    PowerShell Module with DSC resources related to WinGet configurations
  Параметры:
    id: astral-sh.uv
    source: winget
WinGetPackage [github-cli]
  GitHub CLI for fork and pull-request delivery.
  Модуль: Microsoft.WinGet.DSC от Microsoft Corporation [Локальный]
    https://github.com/microsoft/winget-cli
    PowerShell Module with DSC resources related to WinGet configurations
  Параметры:
    id: GitHub.cli
    source: winget
WinGetPackage [obsidian]
  Obsidian, the Markdown vault editor.
  Модуль: Microsoft.WinGet.DSC от Microsoft Corporation [Локальный]
    https://github.com/microsoft/winget-cli
    PowerShell Module with DSC resources related to WinGet configurations
  Параметры:
    id: Obsidian.Obsidian
    source: winget
Вы самостоятельно отвечаете за понимание параметров конфигурации, которую собираетесь выполнить. Корпорация Майкрософт не несет ответственности за файл конфигурации, который вы создали или импортировали. Эта конфигурация может изменить параметры Windows, установить программное обеспечение, изменить параметры установленного программного обеспечения (включая параметры безопасности), а также принять от вашего имени пользовательские соглашения для сторонних пакетов программ и служб. Запуская этот файл конфигурации, вы подтверждаете, что понимаете состав этих ресурсов и параметров и соглашаетесь их применить. Любые установленные приложения лицензируются их владельцами. Майкрософт не несет ответственности за сторонние пакеты программ или службы и не предоставляет для них никаких лицензий.
OsVersion
  Элемент успешно применен.
WinGetPackage [git]
  Элемент успешно применен.
WinGetPackage [uv]
  Элемент успешно применен.
WinGetPackage [github-cli]
  Элемент успешно применен.
WinGetPackage [obsidian]
  Элемент успешно применен.
Конфигурация применена.
Имя ИД      Версия Доступно
---------------------------
Git Git.Git 2.54.0 2.55.0.3
Имя        ИД         Версия
-----------------------------
GitHub CLI GitHub.cli 2.101.0
Имя ИД           Версия  Доступно
---------------------------------
uv  astral-sh.uv 0.12.15 0.12.17
Имя      ИД                Версия
---------------------------------
Obsidian Obsidian.Obsidian 1.13.7
**********************
Windows PowerShell transcript end
End time: 20260922083025
**********************
